Microchip MPLAB XC8 Compiler V2.46

Linker command line:

-W-3 \
  --edf=C:\Program Files\Microchip\xc8\v2.46\pic\dat\20240104201356_en.msgs \
  -cn -h+dist/default/production\mediSync.X.production.sym \
  --cmf=dist/default/production\mediSync.X.production.cmf -z -Q18F4321 \
  -oC:\Users\USER\AppData\Local\Temp\xcAs2oo.\driver_tmp_3.o \
  --defsym=__MPLAB_BUILD=1 --fixupoverflow=error \
  -Mdist/default/production/mediSync.X.production.map \
  --md=C:\Users\USER\AppData\Local\Temp\xcAs2oo.\driver_tmp_0.dat -E1 \
  -ver=XC8 Compiler --acfsm=1493 -ACODE=00h-01FFFh -ACONST=00h-01FFFh \
  -ASMALLCONST=0200h-02FFhx30 -AMEDIUMCONST=0200h-01FFFh -ACOMRAM=01h-07Fh \
  -AABS1=00h-01FFh -ABIGRAM=01h-01FFh -ARAM=080h-0FFh,0100h-01FFh \
  -ABANK0=080h-0FFh -ABANK1=0100h-01FFh -ASFR=0F80h-0FFFh \
  -ABIGSFR=0F80h-0FFFh -ACONFIG=0300000h-030000Dh -AIDLOC=0200000h-0200007h \
  -AEEDATA=0F00000h-0F000FFh -peeprom_data=EEDATA \
  -preset_vec=00h,intcode=8h,intcodelo,powerup,init -pramtop=0200h \
  -psmallconst=SMALLCONST -pmediumconst=MEDIUMCONST -pconst=CONST \
  -AFARRAM=00h-00h \
  -prdata=COMRAM,nvrram=COMRAM,nvbit=COMRAM,rbss=COMRAM,rbit=COMRAM \
  -pfarbss=FARRAM,fardata=FARRAM,nvFARRAM=FARRAM \
  -pintsave_regs=BIGRAM,bigbss=BIGRAM,bigdata=BIGRAM -pbss=RAM \
  -pidata=CODE,irdata=CODE,ibigdata=CODE,ifardata=CODE -prparam=COMRAM \
  C:\Users\USER\AppData\Local\Temp\xcAs2oo.\driver_tmp_14.o \
  dist/default/production\mediSync.X.production.o 

Object code version is 3.11

Machine type is 18F4321



                Name                               Link     Load   Length Selector   Space Scale
C:\Users\USER\AppData\Local\Temp\xcAs2oo.\driver_tmp_14.o
                config                           300000   300000        E        0       4
                init                                18C      18C        4        4       0
                reset_vec                             0        0        4        0       0
dist/default/production\mediSync.X.production.o
                intcode                               8        8      184        4       0
                config                           300000   300000        E        0       4
                temp                                 7B       7B        1        1       1
                mediumconst                        1EBC     1EBC      144      F5E       0
                text49                             1B5E     1B5E       38        4       0
                text47                             14EC     14EC       82        4       0
                text46                             1CD2     1CD2       18        4       0
                text45                             1CB2     1CB2       20        4       0
                text44                             146A     146A       82        4       0
                text43                              DCC      DCC       CC        4       0
                text42                             19B8     19B8       56        4       0
                text41                              ABA      ABA      12A        4       0
                text40                             13E6     13E6       84        4       0
                text39                             17CC     17CC       70        4       0
                text38                             1C48     1C48       26        4       0
                text37                             18A4     18A4       62        4       0
                text36                              BE4      BE4       F8        4       0
                text35                             166E     166E       7C        4       0
                text34                              642      642      264        4       0
                text33                             1D16     1D16       16        4       0
                text32                             1356     1356       90        4       0
                text31                             1D00     1D00       16        4       0
                text30                             1C6E     1C6E       24        4       0
                text29                             1A0E     1A0E       50        4       0
                text28                             1BCC     1BCC       2C        4       0
                text27                             1C92     1C92       20        4       0
                text26                             1D4E     1D4E        E        4       0
                text25                             12B6     12B6       A0        4       0
                text24                             1B26     1B26       38        4       0
                text23                             16EA     16EA       72        4       0
                text22                             15EE     15EE       80        4       0
                text21                             10C4     10C4       A8        4       0
                text20                              E98      E98       CA        4       0
                text19                             1018     1018       AC        4       0
                text18                             1C20     1C20       28        4       0
                text17                             1D5C     1D5C        2        4       0
                text16                             156E     156E       80        4       0
                text15                              8A6      8A6      214        4       0
                text14                             1B96     1B96       36        4       0
                text13                             1AEE     1AEE       38        4       0
                text12                              190      190      4B2        4       0
                text11                              CDC      CDC       F0        4       0
                text10                             116C     116C       A6        4       0
                text9                               F62      F62       B6        4       0
                text8                              1212     1212       A4        4       0
                text7                              1AA6     1AA6       48        4       0
                text6                              1A5E     1A5E       48        4       0
                text5                              1D2C     1D2C       14        4       0
                text4                              1D40     1D40        E        4       0
                text3                              175C     175C       70        4       0
                text2                              1CEA     1CEA       16        4       0
                text1                              183C     183C       68        4       0
                text0                              1906     1906       5C        4       0
                cstackCOMRAM                          1        1       74        1       1
                cstackBANK0                          D6       D6       28       80       1
                dataBANK0                            AE       AE       28       80       1
                bssBANK0                             80       80       2E       80       1
                dataCOMRAM                           7A       7A        1        1       1
                bssCOMRAM                            75       75        5        1       1
                cinit                              1962     1962       56        4       0
                idataBANK0                         1BF8     1BF8       28        4       0
                idataCOMRAM                        1D5E     1D5E        1        4       0

TOTAL           Name                               Link     Load   Length     Space
        CLASS   CODE           
                intcode                               8        8      184         0
                init                                18C      18C        4         0
                reset_vec                             0        0        4         0
                text49                             1B5E     1B5E       38         0
                text47                             14EC     14EC       82         0
                text46                             1CD2     1CD2       18         0
                text45                             1CB2     1CB2       20         0
                text44                             146A     146A       82         0
                text43                              DCC      DCC       CC         0
                text42                             19B8     19B8       56         0
                text41                              ABA      ABA      12A         0
                text40                             13E6     13E6       84         0
                text39                             17CC     17CC       70         0
                text38                             1C48     1C48       26         0
                text37                             18A4     18A4       62         0
                text36                              BE4      BE4       F8         0
                text35                             166E     166E       7C         0
                text34                              642      642      264         0
                text33                             1D16     1D16       16         0
                text32                             1356     1356       90         0
                text31                             1D00     1D00       16         0
                text30                             1C6E     1C6E       24         0
                text29                             1A0E     1A0E       50         0
                text28                             1BCC     1BCC       2C         0
                text27                             1C92     1C92       20         0
                text26                             1D4E     1D4E        E         0
                text25                             12B6     12B6       A0         0
                text24                             1B26     1B26       38         0
                text23                             16EA     16EA       72         0
                text22                             15EE     15EE       80         0
                text21                             10C4     10C4       A8         0
                text20                              E98      E98       CA         0
                text19                             1018     1018       AC         0
                text18                             1C20     1C20       28         0
                text17                             1D5C     1D5C        2         0
                text16                             156E     156E       80         0
                text15                              8A6      8A6      214         0
                text14                             1B96     1B96       36         0
                text13                             1AEE     1AEE       38         0
                text12                              190      190      4B2         0
                text11                              CDC      CDC       F0         0
                text10                             116C     116C       A6         0
                text9                               F62      F62       B6         0
                text8                              1212     1212       A4         0
                text7                              1AA6     1AA6       48         0
                text6                              1A5E     1A5E       48         0
                text5                              1D2C     1D2C       14         0
                text4                              1D40     1D40        E         0
                text3                              175C     175C       70         0
                text2                              1CEA     1CEA       16         0
                text1                              183C     183C       68         0
                text0                              1906     1906       5C         0
                cinit                              1962     1962       56         0
                idataBANK0                         1BF8     1BF8       28         0
                idataCOMRAM                        1D5E     1D5E        1         0

        CLASS   CONST          

        CLASS   SMALLCONST     

        CLASS   MEDIUMCONST    
                mediumconst                        1EBC     1EBC      144         0

        CLASS   COMRAM         
                temp                                 7B       7B        1         1
                cstackCOMRAM                          1        1       74         1
                dataCOMRAM                           7A       7A        1         1
                bssCOMRAM                            75       75        5         1

        CLASS   ABS1           

        CLASS   BIGRAM         

        CLASS   RAM            

        CLASS   BANK0          
                cstackBANK0                          D6       D6       28         1
                dataBANK0                            AE       AE       28         1
                bssBANK0                             80       80       2E         1

        CLASS   BANK1          

        CLASS   SFR            

        CLASS   BIGSFR         

        CLASS   CONFIG         
                config                           300000   300000        E         4

        CLASS   IDLOC          

        CLASS   EEDATA         

        CLASS   FARRAM         

        CLASS   HEAP           

        CLASS   STACK          



SEGMENTS        Name                           Load    Length   Top    Selector   Space  Class

                reset_vec                      000000  000004  000004         0       0  CODE    
                cstackCOMRAM                   000001  00007B  00007C         1       1  COMRAM  
                intcode                        000008  001D57  001D5F         4       0  CODE    
                bssBANK0                       000080  00007E  0000FE        80       1  BANK0   
                mediumconst                    001EBC  000144  002000       F5E       0  MEDIUMCO


UNUSED ADDRESS RANGES

        Name                Unused          Largest block    Delta
        BANK0            0000FE-0000FF                2
        BANK1            000100-0001FF              100
        BIGRAM           00007C-00007F                4
                         0000FE-0001FF              102
        BIGSFR           000F80-000FFF               80
        CODE             000004-000007                4
                         001D5F-001EBB              15D
        COMRAM           00007C-00007F                4
        CONST            000004-000007                4
                         001D5F-001EBB              15D
        EEDATA           F00000-F000FF              100
        IDLOC            200000-200007                8
        MEDIUMCONST      001D5F-001EBB              15D
        RAM              0000FE-0001FF                2
        SFR              000F80-000FFF               80
        SMALLCONST       001D5F-001EBB               A1

                                  Symbol Table

?_ADC_Read                                        cstackCOMRAM 000005
?___aldiv                                         cstackCOMRAM 00002E
?___almod                                         cstackCOMRAM 000005
?___awdiv                                         cstackCOMRAM 000005
?___awmod                                         cstackCOMRAM 000005
?___lldiv                                         cstackCOMRAM 000015
?___lmul                                          cstackCOMRAM 000022
?___wmul                                          cstackCOMRAM 000005
?_abs                                             cstackCOMRAM 00000F
?_calculateBitRatePer10Sec                        cstackCOMRAM 00003C
?_getExpected                                     cstackCOMRAM 000054
?_input_numbers                                   cstackCOMRAM 00000F
?_input_option                                    cstackCOMRAM 000008
?_processTimeToSeconds                            cstackCOMRAM 00000D
?_sprintf                                         cstackCOMRAM 00004F
?_string_long_vol                                 cstackCOMRAM 00002E
?_vfprintf                                        cstackCOMRAM 000049
ADC_Read@channel                                  cstackCOMRAM 00000B
ADC_Read@digital                                  cstackCOMRAM 00000C
GetNextState@currentState                         cstackCOMRAM 000008
GetNextState@input                                cstackCOMRAM 000005
Lcd_Cmd@a                                         cstackCOMRAM 000007
Lcd_Port@a                                        cstackCOMRAM 000005
Lcd_Set_Cursor@a                                  cstackCOMRAM 000009
Lcd_Set_Cursor@b                                  cstackCOMRAM 000008
Lcd_Set_Cursor@temp                               cstackCOMRAM 00000C
Lcd_Set_Cursor@y                                  cstackCOMRAM 00000B
Lcd_Set_Cursor@z                                  cstackCOMRAM 00000A
Lcd_Write_Char@a                                  cstackCOMRAM 000008
Lcd_Write_Char@temp                               cstackCOMRAM 000006
Lcd_Write_Char@y                                  cstackCOMRAM 000007
Lcd_Write_String@a                                cstackCOMRAM 000009
Lcd_Write_String@i                                cstackCOMRAM 00000D
_ADCON0                                           (abs)        000FC2
_ADCON0bits                                       (abs)        000FC2
_ADCON1                                           (abs)        000FC1
_ADCON2                                           (abs)        000FC0
_ADC_Read                                         text35       00166E
_ADC_init                                         text5        001D2C
_ADON                                             (abs)        007E10
_ADRESH                                           (abs)        000FC4
_ADRESL                                           (abs)        000FC3
_CCP1CON                                          (abs)        000FBD
_CCPR1L                                           (abs)        000FBE
_GIE                                              (abs)        007F97
_GO                                               (abs)        007E11
_GetNextState                                     text47       0014EC
_INTCONbits                                       (abs)        000FF2
_InitKeypad                                       text4        001D40
_Kd                                               dataBANK0    0000BA
_Ki                                               dataBANK0    0000BE
_Kp                                               dataBANK0    0000C2
_LATA2                                            (abs)        007C4A
_LATB                                             (abs)        000F8A
_LATBbits                                         (abs)        000F8A
_LATC4                                            (abs)        007C5C
_LATC5                                            (abs)        007C5D
_LATC6                                            (abs)        007C5E
_LATCbits                                         (abs)        000F8B
_Lcd_Clear                                        text26       001D4E
_Lcd_Cmd                                          text27       001C92
_Lcd_Init                                         text3        00175C
_Lcd_Port                                         text28       001BCC
_Lcd_Set_Cursor                                   text25       0012B6
_Lcd_Write_Char                                   text24       001B26
_Lcd_Write_String                                 text23       0016EA
_OSCCON                                           (abs)        000FD3
_PEIE                                             (abs)        007F96
_PIR1bits                                         (abs)        000F9E
_PORTB                                            (abs)        000F81
_PORTD                                            (abs)        000F83
_PR2                                              (abs)        000FCB
_RB0                                              (abs)        007C08
_RB1                                              (abs)        007C09
_RB2                                              (abs)        007C0A
_RB3                                              (abs)        007C0B
_RB4                                              (abs)        007C0C
_RB6                                              (abs)        007C0E
_RB7                                              (abs)        007C0F
_RBPU                                             (abs)        007F8F
_RC2                                              (abs)        007C12
_RC7                                              (abs)        007C17
_RD0                                              (abs)        007C18
_RD1                                              (abs)        007C19
_RD2                                              (abs)        007C1A
_RD3                                              (abs)        007C1B
_RD4                                              (abs)        007C1C
_RD5                                              (abs)        007C1D
_RD6                                              (abs)        007C1E
_RD7                                              (abs)        007C1F
_T0CON                                            (abs)        000FD5
_T1CON                                            (abs)        000FCD
_T2CON                                            (abs)        000FCA
_TMR0H                                            (abs)        000FD7
_TMR0IF                                           (abs)        007F92
_TMR0L                                            (abs)        000FD6
_TMR0_ini                                         bssCOMRAM    000077
_TMR1                                             (abs)        000FCE
_TMR1IE                                           (abs)        007CE8
_TMR1IF                                           (abs)        007CF0
_TMR1ON                                           (abs)        007E68
_TMR2IF                                           (abs)        007CF1
_TRISA                                            (abs)        000F92
_TRISA2                                           (abs)        007C92
_TRISB                                            (abs)        000F93
_TRISC                                            (abs)        000F94
_TRISC2                                           (abs)        007CA2
_TRISC4                                           (abs)        007CA4
_TRISC5                                           (abs)        007CA5
_TRISC6                                           (abs)        007CA6
_TRISC7                                           (abs)        007CA7
_TRISCbits                                        (abs)        000F94
_TRISD                                            (abs)        000F95
_Timer1_ISR                                       intcode      000008
_Timer1_start                                     text46       001CD2
__HRAM                                            (abs)        000000
__H__absolute__                                   __absolute__ 000000
__Habs1                                           abs1         000000
__Hbank0                                          bank0        000000
__Hbank1                                          bank1        000000
__Hbigbss                                         bigbss       000000
__Hbigdata                                        bigdata      000000
__Hbigram                                         bigram       000000
__Hbigsfr                                         bigsfr       000000
__Hbss                                            bss          000000
__HbssBANK0                                       bssBANK0     000000
__HbssCOMRAM                                      bssCOMRAM    000000
__Hcinit                                          cinit        000000
__Hclrtext                                        clrtext      000000
__Hcomram                                         comram       000000
__Hconfig                                         config       30000E
__Hconst                                          const        000000
__HcstackBANK0                                    cstackBANK0  000000
__HcstackCOMRAM                                   cstackCOMRAM 000000
__Hdata                                           data         000000
__HdataBANK0                                      dataBANK0    000000
__HdataCOMRAM                                     dataCOMRAM   000000
__Heeprom_data                                    eeprom_data  000000
__Hfarbss                                         farbss       000000
__Hfardata                                        fardata      000000
__Hheap                                           heap         000000
__Hibigdata                                       ibigdata     000000
__Hidata                                          idata        000000
__HidataBANK0                                     idataBANK0   000000
__HidataCOMRAM                                    idataCOMRAM  000000
__Hidloc                                          idloc        000000
__Hifardata                                       ifardata     000000
__Hinit                                           init         000190
__Hintcode                                        intcode      00018C
__Hintcode_body                                   intcode_body 000000
__Hintcodelo                                      intcodelo    00018C
__Hintentry                                       intentry     000000
__Hintret                                         intret       000000
__Hintsave_regs                                   intsave_regs 000000
__Hirdata                                         irdata       000000
__Hmediumconst                                    mediumconst  002000
__HnvFARRAM                                       nvFARRAM     000000
__Hnvbit                                          nvbit        000000
__Hnvrram                                         nvrram       000000
__Hparam                                          rparam       000000
__Hpowerup                                        powerup      00018C
__Hram                                            ram          000000
__Hramtop                                         ramtop       000200
__Hrbit                                           rbit         000000
__Hrbss                                           rbss         000000
__Hrdata                                          rdata        000000
__Hreset_vec                                      reset_vec    000004
__Hrparam                                         rparam       000000
__Hsfr                                            sfr          000000
__Hsivt_hi                                        sivt_hi      000000
__Hsivt_lo                                        sivt_lo      000000
__Hsmallconst                                     smallconst   000000
__Hspace_0                                        (abs)        002000
__Hspace_1                                        (abs)        0000FE
__Hspace_2                                        (abs)        000000
__Hspace_4                                        (abs)        60000E
__Hstack                                          stack        000000
__Hstruct                                         struct       000000
__Htemp                                           temp         00007C
__Htext                                           text         000000
__Htext0                                          text0        000000
__Htext1                                          text1        000000
__Htext10                                         text10       000000
__Htext11                                         text11       000000
__Htext12                                         text12       000000
__Htext13                                         text13       000000
__Htext14                                         text14       000000
__Htext15                                         text15       000000
__Htext16                                         text16       000000
__Htext17                                         text17       000000
__Htext18                                         text18       000000
__Htext19                                         text19       000000
__Htext2                                          text2        000000
__Htext20                                         text20       000000
__Htext21                                         text21       000000
__Htext22                                         text22       000000
__Htext23                                         text23       000000
__Htext24                                         text24       000000
__Htext25                                         text25       000000
__Htext26                                         text26       000000
__Htext27                                         text27       000000
__Htext28                                         text28       000000
__Htext29                                         text29       000000
__Htext3                                          text3        000000
__Htext30                                         text30       000000
__Htext31                                         text31       000000
__Htext32                                         text32       000000
__Htext33                                         text33       000000
__Htext34                                         text34       000000
__Htext35                                         text35       000000
__Htext36                                         text36       000000
__Htext37                                         text37       000000
__Htext38                                         text38       000000
__Htext39                                         text39       000000
__Htext4                                          text4        000000
__Htext40                                         text40       000000
__Htext41                                         text41       000000
__Htext42                                         text42       000000
__Htext43                                         text43       000000
__Htext44                                         text44       000000
__Htext45                                         text45       000000
__Htext46                                         text46       000000
__Htext47                                         text47       000000
__Htext49                                         text49       000000
__Htext5                                          text5        000000
__Htext6                                          text6        000000
__Htext7                                          text7        000000
__Htext8                                          text8        000000
__Htext9                                          text9        000000
__LRAM                                            (abs)        000001
__L__absolute__                                   __absolute__ 000000
__Labs1                                           abs1         000000
__Lbank0                                          bank0        000000
__Lbank1                                          bank1        000000
__Lbigbss                                         bigbss       000000
__Lbigdata                                        bigdata      000000
__Lbigram                                         bigram       000000
__Lbigsfr                                         bigsfr       000000
__Lbss                                            bss          000000
__LbssBANK0                                       bssBANK0     000000
__LbssCOMRAM                                      bssCOMRAM    000000
__Lcinit                                          cinit        000000
__Lclrtext                                        clrtext      000000
__Lcomram                                         comram       000000
__Lconfig                                         config       000000
__Lconst                                          const        000000
__LcstackBANK0                                    cstackBANK0  000000
__LcstackCOMRAM                                   cstackCOMRAM 000000
__Ldata                                           data         000000
__LdataBANK0                                      dataBANK0    000000
__LdataCOMRAM                                     dataCOMRAM   000000
__Leeprom_data                                    eeprom_data  000000
__Lfarbss                                         farbss       000000
__Lfardata                                        fardata      000000
__Lheap                                           heap         000000
__Libigdata                                       ibigdata     000000
__Lidata                                          idata        000000
__LidataBANK0                                     idataBANK0   000000
__LidataCOMRAM                                    idataCOMRAM  000000
__Lidloc                                          idloc        000000
__Lifardata                                       ifardata     000000
__Linit                                           init         00018C
__Lintcode                                        intcode      000008
__Lintcode_body                                   intcode_body 000000
__Lintcodelo                                      intcodelo    00018C
__Lintentry                                       intentry     000000
__Lintret                                         intret       000000
__Lintsave_regs                                   intsave_regs 000000
__Lirdata                                         irdata       000000
__Lmediumconst                                    mediumconst  001EBC
__LnvFARRAM                                       nvFARRAM     000000
__Lnvbit                                          nvbit        000000
__Lnvrram                                         nvrram       000000
__Lparam                                          rparam       000000
__Lpowerup                                        powerup      00018C
__Lram                                            ram          000000
__Lramtop                                         ramtop       000200
__Lrbit                                           rbit         000000
__Lrbss                                           rbss         000000
__Lrdata                                          rdata        000000
__Lreset_vec                                      reset_vec    000000
__Lrparam                                         rparam       000000
__Lsfr                                            sfr          000000
__Lsivt_hi                                        sivt_hi      000000
__Lsivt_lo                                        sivt_lo      000000
__Lsmallconst                                     smallconst   000000
__Lspace_0                                        (abs)        000000
__Lspace_1                                        (abs)        000000
__Lspace_2                                        (abs)        000000
__Lspace_4                                        (abs)        000000
__Lstack                                          stack        000000
__Lstruct                                         struct       000000
__Ltemp                                           temp         00007B
__Ltext                                           text         000000
__Ltext0                                          text0        000000
__Ltext1                                          text1        000000
__Ltext10                                         text10       000000
__Ltext11                                         text11       000000
__Ltext12                                         text12       000000
__Ltext13                                         text13       000000
__Ltext14                                         text14       000000
__Ltext15                                         text15       000000
__Ltext16                                         text16       000000
__Ltext17                                         text17       000000
__Ltext18                                         text18       000000
__Ltext19                                         text19       000000
__Ltext2                                          text2        000000
__Ltext20                                         text20       000000
__Ltext21                                         text21       000000
__Ltext22                                         text22       000000
__Ltext23                                         text23       000000
__Ltext24                                         text24       000000
__Ltext25                                         text25       000000
__Ltext26                                         text26       000000
__Ltext27                                         text27       000000
__Ltext28                                         text28       000000
__Ltext29                                         text29       000000
__Ltext3                                          text3        000000
__Ltext30                                         text30       000000
__Ltext31                                         text31       000000
__Ltext32                                         text32       000000
__Ltext33                                         text33       000000
__Ltext34                                         text34       000000
__Ltext35                                         text35       000000
__Ltext36                                         text36       000000
__Ltext37                                         text37       000000
__Ltext38                                         text38       000000
__Ltext39                                         text39       000000
__Ltext4                                          text4        000000
__Ltext40                                         text40       000000
__Ltext41                                         text41       000000
__Ltext42                                         text42       000000
__Ltext43                                         text43       000000
__Ltext44                                         text44       000000
__Ltext45                                         text45       000000
__Ltext46                                         text46       000000
__Ltext47                                         text47       000000
__Ltext49                                         text49       000000
__Ltext5                                          text5        000000
__Ltext6                                          text6        000000
__Ltext7                                          text7        000000
__Ltext8                                          text8        000000
__Ltext9                                          text9        000000
__S0                                              (abs)        002000
__S1                                              (abs)        0000FE
__S4                                              (abs)        000000
__S5                                              (abs)        000000
___aldiv                                          text43       000DCC
___aldiv@counter                                  cstackCOMRAM 000036
___aldiv@dividend                                 cstackCOMRAM 00002E
___aldiv@divisor                                  cstackCOMRAM 000032
___aldiv@quotient                                 cstackCOMRAM 000038
___aldiv@sign                                     cstackCOMRAM 000037
___almod                                          text19       001018
___almod@counter                                  cstackCOMRAM 00000D
___almod@dividend                                 cstackCOMRAM 000005
___almod@divisor                                  cstackCOMRAM 000009
___almod@sign                                     cstackCOMRAM 00000E
___awdiv                                          text40       0013E6
___awdiv@counter                                  cstackCOMRAM 000009
___awdiv@dividend                                 cstackCOMRAM 000005
___awdiv@divisor                                  cstackCOMRAM 000007
___awdiv@quotient                                 cstackCOMRAM 00000B
___awdiv@sign                                     cstackCOMRAM 00000A
___awmod                                          text39       0017CC
___awmod@counter                                  cstackCOMRAM 000009
___awmod@dividend                                 cstackCOMRAM 000005
___awmod@divisor                                  cstackCOMRAM 000007
___awmod@sign                                     cstackCOMRAM 00000A
___heap_hi                                        (abs)        000000
___heap_lo                                        (abs)        000000
___inthi_sp                                       stack        000000
___inthi_stack_hi                                 stack        000000
___inthi_stack_lo                                 stack        000000
___intlo_sp                                       stack        000000
___intlo_stack_hi                                 stack        000000
___intlo_stack_lo                                 stack        000000
___lldiv                                          text44       00146A
___lldiv@counter                                  cstackCOMRAM 000021
___lldiv@dividend                                 cstackCOMRAM 000015
___lldiv@divisor                                  cstackCOMRAM 000019
___lldiv@quotient                                 cstackCOMRAM 00001D
___lmul                                           text42       0019B8
___lmul@multiplicand                              cstackCOMRAM 000026
___lmul@multiplier                                cstackCOMRAM 000022
___lmul@product                                   cstackCOMRAM 00002A
___param_bank                                     (abs)        000000
___rparam_used                                    (abs)        000001
___sp                                             stack        000000
___stack_hi                                       stack        000000
___stack_lo                                       stack        000000
___wmul                                           text38       001C48
___wmul@multiplicand                              cstackCOMRAM 000007
___wmul@multiplier                                cstackCOMRAM 000005
___wmul@product                                   cstackCOMRAM 000009
__accesstop                                       (abs)        000080
__activetblptr                                    (abs)        000002
__end_of_ADC_Read                                 text35       0016EA
__end_of_ADC_init                                 text5        001D40
__end_of_GetNextState                             text47       00156E
__end_of_InitKeypad                               text4        001D4E
__end_of_Lcd_Clear                                text26       001D5C
__end_of_Lcd_Cmd                                  text27       001CB2
__end_of_Lcd_Init                                 text3        0017CC
__end_of_Lcd_Port                                 text28       001BF8
__end_of_Lcd_Set_Cursor                           text25       001356
__end_of_Lcd_Write_Char                           text24       001B5E
__end_of_Lcd_Write_String                         text23       00175C
__end_of_Timer1_ISR                               intcode      00018C
__end_of_Timer1_start                             text46       001CEA
__end_of___aldiv                                  text43       000E98
__end_of___almod                                  text19       0010C4
__end_of___awdiv                                  text40       00146A
__end_of___awmod                                  text39       00183C
__end_of___lldiv                                  text44       0014EC
__end_of___lmul                                   text42       001A0E
__end_of___wmul                                   text38       001C6E
__end_of__initialization                          cinit        0019AA
__end_of_abs                                      text18       001C48
__end_of_calculateBitRatePer10Sec                 text41       000BE4
__end_of_change_direction_motion                  text31       001D16
__end_of_delay_ms                                 text45       001CD2
__end_of_fputc                                    text16       0015EE
__end_of_getExpected                              text36       000CDC
__end_of_handle_actuator_push                     text20       000F62
__end_of_handle_infusion_setup                    text8        0012B6
__end_of_infusion                                 text12       000642
__end_of_init_actuator                            text2        001D00
__end_of_input_numbers                            text11       000DCC
__end_of_input_option                             text32       0013E6
__end_of_input_value                              text10       001212
__end_of_keypad_scanner                           text34       0008A6
__end_of_main                                     text0        001962
__end_of_manual                                   text7        001AEE
__end_of_menu                                     text6        001AA6
__end_of_move_actuator                            text29       001A5E
__end_of_processTimeToSeconds                     text37       001906
__end_of_pulseMax                                 mediumconst  001EC9
__end_of_pulseMin                                 mediumconst  001ED5
__end_of_putch                                    text17       001D5E
__end_of_set_pwm_duty                             text30       001C92
__end_of_signalServo                              text49       001B96
__end_of_sprintf                                  text13       001B26
__end_of_start_process_screen                     text22       00166E
__end_of_string_long_vol                          text9        001018
__end_of_switch_press_scan                        text33       001D2C
__end_of_system_init                              text1        0018A4
__end_of_usePeripheral                            text21       00116C
__end_of_vfpfcnvrt                                text15       000ABA
__end_of_vfprintf                                 text14       001BCC
__initialization                                  cinit        001962
__mediumconst                                     mediumconst  001EBC
__pbssBANK0                                       bssBANK0     000080
__pbssCOMRAM                                      bssCOMRAM    000075
__pcinit                                          cinit        001962
__pcstackBANK0                                    cstackBANK0  0000D6
__pcstackCOMRAM                                   cstackCOMRAM 000001
__pdataBANK0                                      dataBANK0    0000AE
__pdataCOMRAM                                     dataCOMRAM   00007A
__pidataBANK0                                     idataBANK0   001BF8
__pidataCOMRAM                                    idataCOMRAM  001D5E
__pintcode                                        intcode      000008
__pmediumconst                                    mediumconst  001EBC
__ptext0                                          text0        001906
__ptext1                                          text1        00183C
__ptext10                                         text10       00116C
__ptext11                                         text11       000CDC
__ptext12                                         text12       000190
__ptext13                                         text13       001AEE
__ptext14                                         text14       001B96
__ptext15                                         text15       0008A6
__ptext16                                         text16       00156E
__ptext17                                         text17       001D5C
__ptext18                                         text18       001C20
__ptext19                                         text19       001018
__ptext2                                          text2        001CEA
__ptext20                                         text20       000E98
__ptext21                                         text21       0010C4
__ptext22                                         text22       0015EE
__ptext23                                         text23       0016EA
__ptext24                                         text24       001B26
__ptext25                                         text25       0012B6
__ptext26                                         text26       001D4E
__ptext27                                         text27       001C92
__ptext28                                         text28       001BCC
__ptext29                                         text29       001A0E
__ptext3                                          text3        00175C
__ptext30                                         text30       001C6E
__ptext31                                         text31       001D00
__ptext32                                         text32       001356
__ptext33                                         text33       001D16
__ptext34                                         text34       000642
__ptext35                                         text35       00166E
__ptext36                                         text36       000BE4
__ptext37                                         text37       0018A4
__ptext38                                         text38       001C48
__ptext39                                         text39       0017CC
__ptext4                                          text4        001D40
__ptext40                                         text40       0013E6
__ptext41                                         text41       000ABA
__ptext42                                         text42       0019B8
__ptext43                                         text43       000DCC
__ptext44                                         text44       00146A
__ptext45                                         text45       001CB2
__ptext46                                         text46       001CD2
__ptext47                                         text47       0014EC
__ptext49                                         text49       001B5E
__ptext5                                          text5        001D2C
__ptext6                                          text6        001A5E
__ptext7                                          text7        001AA6
__ptext8                                          text8        001212
__ptext9                                          text9        000F62
__ramtop                                          ramtop       000200
__smallconst                                      smallconst   000000
_abs                                              text18       001C20
_c                                                dataBANK0    0000CA
_calculateBitRatePer10Sec                         text41       000ABA
_change_direction_motion                          text31       001D00
_dT                                               dataBANK0    0000C6
_dbuf                                             bssBANK0     000080
_delay_ms                                         text45       001CB2
_errorSum                                         bssBANK0     0000A4
_flags                                            bssCOMRAM    000079
_fputc                                            text16       00156E
_getExpected                                      text36       000BE4
_getExpected$1676                                 cstackCOMRAM 000060
_getExpected$1677                                 cstackCOMRAM 000064
_handle_actuator_push                             text20       000E98
_handle_infusion_setup                            text8        001212
_infusion                                         text12       000190
_infusion$1679                                    cstackBANK0  0000DA
_init_actuator                                    text2        001CEA
_input_numbers                                    text11       000CDC
_input_option                                     text32       001356
_input_value                                      text10       00116C
_keypad_scanner                                   text34       000642
_lastError                                        bssBANK0     0000A0
_main                                             text0        001906
_manual                                           text7        001AA6
_menu                                             text6        001A5E
_mil                                              bssBANK0     0000A8
_move_actuator                                    text29       001A0E
_prec                                             bssCOMRAM    000075
_processTimeToSeconds                             text37       0018A4
_pulse                                            dataBANK0    0000AE
_putch                                            text17       001D5C
_servo_active                                     dataCOMRAM   00007A
_set_pwm_duty                                     text30       001C6E
_signalServo                                      text49       001B5E
_sprintf                                          text13       001AEE
_start_process_screen                             text22       0015EE
_string_long_vol                                  text9        000F62
_switch_press_scan                                text33       001D16
_system_init                                      text1        00183C
_timeInfusion                                     dataBANK0    0000CE
_usePeripheral                                    text21       0010C4
_vfpfcnvrt                                        text15       0008A6
_vfprintf                                         text14       001B96
_volume                                           dataBANK0    0000D2
_width                                            bssBANK0     0000AC
abs@a                                             cstackCOMRAM 00000F
btemp                                             temp         00007B
calculateBitRatePer10Sec@bit_rate_per_10sec       cstackCOMRAM 000050
calculateBitRatePer10Sec@bit_rate_per_min_scaled  cstackCOMRAM 00004C
calculateBitRatePer10Sec@length_mm_scaled         cstackCOMRAM 000044
calculateBitRatePer10Sec@length_per_min_mm_scaled cstackCOMRAM 000048
calculateBitRatePer10Sec@totalSeconds             cstackCOMRAM 000040
calculateBitRatePer10Sec@volume_mL                cstackCOMRAM 00003C
change_direction_motion@hDriverIn1                cstackCOMRAM 000005
change_direction_motion@hDriverIn2                cstackCOMRAM 000007
delay_ms@milliseconds                             cstackCOMRAM 000005
end_of_initialization                             cinit        0019AA
fputc@c                                           cstackCOMRAM 000005
fputc@fp                                          cstackCOMRAM 000007
getExpected@expected                              cstackCOMRAM 00005C
getExpected@ms                                    cstackCOMRAM 000058
handle_actuator_push@act_pos                      cstackCOMRAM 000011
handle_actuator_push@decision                     cstackCOMRAM 000014
handle_infusion_setup@currentState                cstackCOMRAM 000074
handle_infusion_setup@v                           cstackCOMRAM 000072
infusion@act_pos                                  cstackBANK0  0000DE
infusion@analogReading                            cstackBANK0  0000E9
infusion@buff                                     cstackBANK0  0000E0
infusion@controlSignal                            cstackBANK0  0000F2
infusion@dError                                   cstackBANK0  0000D6
infusion@error                                    cstackBANK0  0000F6
infusion@expectedX                                cstackBANK0  0000E5
infusion@i                                        cstackBANK0  0000F1
infusion@stopTime                                 cstackBANK0  0000ED
input_numbers@counter                             cstackCOMRAM 00001C
input_numbers@inputBuffer                         cstackCOMRAM 000013
input_numbers@number_of_digits                    cstackCOMRAM 00000F
input_numbers@outputBuffer                        cstackCOMRAM 000018
input_numbers@separator                           cstackCOMRAM 00001A
input_numbers@userInput                           cstackCOMRAM 00001B
input_option@option                               cstackCOMRAM 00000C
input_option@userInput                            cstackCOMRAM 00000E
input_value@initial                               cstackCOMRAM 000011
input_value@inputType                             cstackCOMRAM 00000F
input_value@limit                                 cstackCOMRAM 000013
input_value@units                                 cstackCOMRAM 000015
int$flags                                         temp         00007B
intlevel0                                         text         000000
intlevel1                                         text         000000
intlevel2                                         text         000000
intlevel3                                         text         000000
isa$std                                           (abs)        000001
isa$xinst                                         (abs)        000000
main@currentState                                 cstackBANK0  0000FD
main@userInput                                    cstackBANK0  0000FC
move_actuator@direction                           cstackCOMRAM 000009
move_actuator@speed                               cstackCOMRAM 00000B
processTimeToSeconds@minutes                      cstackCOMRAM 00000F
processTimeToSeconds@seconds                      cstackCOMRAM 000011
processTimeToSeconds@timeInput                    cstackCOMRAM 00000D
processTimeToSeconds@totalSeconds                 cstackCOMRAM 000013
set_pwm_duty@pwm_duty                             cstackCOMRAM 000005
signalServo@pinServo                              cstackCOMRAM 000003
signalServo@pulseServo                            cstackCOMRAM 000001
sprintf@ap                                        cstackCOMRAM 000056
sprintf@f                                         cstackCOMRAM 000057
sprintf@fmt                                       cstackCOMRAM 000050
sprintf@s                                         cstackCOMRAM 00004F
stackhi                                           (abs)        000000
stacklo                                           (abs)        000000
start                                             init         00018C
start_initialization                              cinit        001962
start_process_screen@word                         cstackCOMRAM 00000F
string_long_vol@result                            cstackCOMRAM 000038
string_long_vol@str                               cstackCOMRAM 00002E
switch_press_scan@key                             cstackCOMRAM 000007
ttemp5                                            temp         00007C
ttemp6                                            temp         00007F
ttemp7                                            temp         000083
usePeripheral@action                              cstackCOMRAM 000007
usePeripheral@peripheral                          cstackCOMRAM 000005
vfpfcnvrt@ap                                      cstackCOMRAM 00003E
vfpfcnvrt@c                                       cstackCOMRAM 000048
vfpfcnvrt@convarg                                 cstackCOMRAM 000044
vfpfcnvrt@cp                                      cstackCOMRAM 000042
vfpfcnvrt@done                                    cstackCOMRAM 000041
vfpfcnvrt@fmt                                     cstackCOMRAM 00003D
vfpfcnvrt@fp                                      cstackCOMRAM 00003C
vfprintf@ap                                       cstackCOMRAM 00004C
vfprintf@cfmt                                     cstackCOMRAM 00004D
vfprintf@fmt                                      cstackCOMRAM 00004A
vfprintf@fp                                       cstackCOMRAM 000049
wtemp8                                            temp         00007C


MODULE INFORMATION

Module		Function		Class		Link	Load	Size
servo.c
		_signalServo   		CODE           	1B5E	0000	56

servo.c estimated size: 56

keypad.c
		_InitKeypad    		CODE           	1D40	0000	14
		_switch_press_scan		CODE           	1D16	0000	22
		_keypad_scanner		CODE           	0642	0000	612

keypad.c estimated size: 648

C:\Program Files\Microchip\xc8\v2.46\pic\sources\c99\common\nf_fputc.c
		_fputc         		CODE           	156E	0000	128

C:\Program Files\Microchip\xc8\v2.46\pic\sources\c99\common\nf_fputc.c estimated size: 128

C:\Program Files\Microchip\xc8\v2.46\pic\sources\c99\common\awdiv.c
		___awdiv       		CODE           	13E6	0000	132

C:\Program Files\Microchip\xc8\v2.46\pic\sources\c99\common\awdiv.c estimated size: 132

C:\Program Files\Microchip\xc8\v2.46\pic\sources\c99\common\aldiv.c
		___aldiv       		CODE           	0DCC	0000	204

C:\Program Files\Microchip\xc8\v2.46\pic\sources\c99\common\aldiv.c estimated size: 204

helper.c
		_menu          		CODE           	1A5E	0000	72
		_input_value   		CODE           	116C	0000	166
		_ADC_init      		CODE           	1D2C	0000	20
		_start_process_screen		CODE           	15EE	0000	128
		_ADC_Read      		CODE           	166E	0000	124
		_manual        		CODE           	1AA6	0000	72
		_usePeripheral 		CODE           	10C4	0000	168

helper.c estimated size: 750

C:\Program Files\Microchip\xc8\v2.46\pic\sources\c99\common\doprnt.c
		_vfpfcnvrt     		CODE           	08A6	0000	532
		_vfprintf      		CODE           	1B96	0000	54

C:\Program Files\Microchip\xc8\v2.46\pic\sources\c99\common\doprnt.c estimated size: 586

C:\Program Files\Microchip\xc8\v2.46\pic\sources\c99\common\nf_sprintf.c
		_sprintf       		CODE           	1AEE	0000	56

C:\Program Files\Microchip\xc8\v2.46\pic\sources\c99\common\nf_sprintf.c estimated size: 56

shared
		_pulseMin      		MEDIUMCONST    	0000	0000	0
		__initialization		CODE           	1962	0000	72
		_pulseMax      		MEDIUMCONST    	0000	0000	0

shared estimated size: 72

C:\Program Files\Microchip\xc8\v2.46\pic\sources\c99\common\__lldiv.c
		___lldiv       		CODE           	146A	0000	130

C:\Program Files\Microchip\xc8\v2.46\pic\sources\c99\common\__lldiv.c estimated size: 130

C:\Program Files\Microchip\xc8\v2.46\pic\sources\c99\common\putch.c
		_putch         		CODE           	1D5C	0000	2

C:\Program Files\Microchip\xc8\v2.46\pic\sources\c99\common\putch.c estimated size: 2

C:\Program Files\Microchip\xc8\v2.46\pic\sources\c99\common\Umul16.c
		___wmul        		CODE           	1C48	0000	38

C:\Program Files\Microchip\xc8\v2.46\pic\sources\c99\common\Umul16.c estimated size: 38

actuator.c
		_init_actuator 		CODE           	1CEA	0000	22
		_change_direction_motion		CODE           	1D00	0000	22
		_move_actuator 		CODE           	1A0E	0000	80
		_set_pwm_duty  		CODE           	1C6E	0000	36

actuator.c estimated size: 160

lcd.c
		_Lcd_Write_String		CODE           	16EA	0000	114
		_Lcd_Init      		CODE           	175C	0000	112
		_Lcd_Write_Char		CODE           	1B26	0000	56
		_Lcd_Cmd       		CODE           	1C92	0000	32
		_Lcd_Set_Cursor		CODE           	12B6	0000	160
		_Lcd_Clear     		CODE           	1D4E	0000	14
		_Lcd_Port      		CODE           	1BCC	0000	44

lcd.c estimated size: 532

C:\Program Files\Microchip\xc8\v2.46\pic\sources\c99\common\abs.c
		_abs           		CODE           	1C20	0000	40

C:\Program Files\Microchip\xc8\v2.46\pic\sources\c99\common\abs.c estimated size: 40

C:\Program Files\Microchip\xc8\v2.46\pic\sources\c99\common\awmod.c
		___awmod       		CODE           	17CC	0000	112

C:\Program Files\Microchip\xc8\v2.46\pic\sources\c99\common\awmod.c estimated size: 112

main.c
		_string_long_vol		CODE           	0F62	0000	182
		_system_init   		CODE           	183C	0000	104
		_handle_infusion_setup		CODE           	1212	0000	164
		_GetNextState  		CODE           	14EC	0000	130
		_infusion      		CODE           	0190	0000	1202
		_main          		CODE           	1906	0000	92
		_Timer1_ISR    		CODE           	0008	0000	388
		_Timer1_start  		CODE           	1CD2	0000	24
		_input_option  		CODE           	1356	0000	144
		_delay_ms      		CODE           	1CB2	0000	32
		_processTimeToSeconds		CODE           	18A4	0000	98
		_input_numbers 		CODE           	0CDC	0000	240
		_calculateBitRatePer10Sec		CODE           	0ABA	0000	298
		_getExpected   		CODE           	0BE4	0000	248
		_handle_actuator_push		CODE           	0E98	0000	202

main.c estimated size: 3548

C:\Program Files\Microchip\xc8\v2.46\pic\sources\c99\common\almod.c
		___almod       		CODE           	1018	0000	172

C:\Program Files\Microchip\xc8\v2.46\pic\sources\c99\common\almod.c estimated size: 172

C:\Program Files\Microchip\xc8\v2.46\pic\sources\c99\common\Umul32.c
		___lmul        		CODE           	19B8	0000	86

C:\Program Files\Microchip\xc8\v2.46\pic\sources\c99\common\Umul32.c estimated size: 86

